# 作业一

使用 GCLogAnalysis.java 自己演练一遍串行 / 并行 /CMS/G1 的案例。

```powershell
java -XX:+PrintGC GCLogAnalysis
java -Xloggc:gc.demo.log -XX:+PrintGCDetails -XX:+PrintGCDateStamps GCLogAnalysis
```



### 1. 并行（默认）

>  java8 默认用的是Parallel并行GC，默认堆内存大概是物理内存四分之一，16G电脑默认配置4G堆内存


```powershell
java -Xloggc:gc.demo.log -Xms512m -Xmx512m -XX:+PrintGCDetails -XX:+PrintGCDateStamps GCLogAnalysis
正在执行...
执行结束!共生成对象次数:9670
```


```powershell
Java HotSpot(TM) 64-Bit Server VM (25.162-b12) for windows-amd64 JRE (1.8.0_162-b12), built on Dec 19 2017 20:00:03 by "java_re" with MS VC++ 10.0 (VS2010)
Memory: 4k page, physical 16639600k(5976036k free), swap 29086024k(5047400k free)
CommandLine flags: -XX:InitialHeapSize=536870912 -XX:MaxHeapSize=536870912 -XX:+PrintGC -XX:+PrintGCDateStamps -XX:+PrintGCDetails -XX:+PrintGCTimeStamps -XX:+UseCompressedClassPointers -XX:+UseCompressedOops -XX:-UseLargePagesIndividualAllocation -XX:+UseParallelGC   #默认Parallel并行GC

2020-10-28T22:37:18.520+0800: 0.162: [GC (Allocation Failure) [PSYoungGen: 131584K->21497K(153088K)] 131584K->43014K(502784K), 0.0058007 secs] [Times: user=0.05 sys=0.11, real=0.01 secs]   #[PSYoungGen: 年轻代GC前->年轻代GC后（总young容量）] 堆GC前->堆GC后 回收时间/秒 CPU时间[Times: 用户线程时间，，暂停时间]    #第一次younggc大小=堆大小

2020-10-28T22:37:18.543+0800: 0.185: [GC (Allocation Failure) [PSYoungGen: 153081K->21496K(153088K)] 174598K->80986K(502784K), 0.0074327 secs] [Times: user=0.00 sys=0.00, real=0.01 secs] 
2020-10-28T22:37:18.565+0800: 0.207: [GC (Allocation Failure) [PSYoungGen: 153080K->21502K(153088K)] 212570K->123725K(502784K), 0.0074442 secs] [Times: user=0.09 sys=0.06, real=0.01 secs] 
2020-10-28T22:37:18.587+0800: 0.229: [GC (Allocation Failure) [PSYoungGen: 153086K->21503K(153088K)] 255309K->164917K(502784K), 0.0079753 secs] [Times: user=0.00 sys=0.00, real=0.01 secs] 
2020-10-28T22:37:18.610+0800: 0.252: [GC (Allocation Failure) [PSYoungGen: 153087K->21500K(153088K)] 296501K->207179K(502784K), 0.0081718 secs] [Times: user=0.03 sys=0.13, real=0.01 secs] 
2020-10-28T22:37:18.634+0800: 0.276: [GC (Allocation Failure) [PSYoungGen: 153084K->21501K(80384K)] 338763K->253675K(430080K), 0.0083432 secs] [Times: user=0.00 sys=0.00, real=0.01 secs] 
2020-10-28T22:37:18.648+0800: 0.290: [GC (Allocation Failure) [PSYoungGen: 80381K->41439K(116736K)] 312555K->276588K(466432K), 0.0052258 secs] [Times: user=0.00 sys=0.00, real=0.01 secs] 
2020-10-28T22:37:18.660+0800: 0.302: [GC (Allocation Failure) [PSYoungGen: 100319K->53044K(116736K)] 335468K->295302K(466432K), 0.0066567 secs] [Times: user=0.16 sys=0.00, real=0.01 secs] 
2020-10-28T22:37:18.675+0800: 0.317: [GC (Allocation Failure) [PSYoungGen: 111924K->57835K(116736K)] 354182K->316456K(466432K), 0.0080133 secs] [Times: user=0.14 sys=0.00, real=0.01 secs] 
2020-10-28T22:37:18.691+0800: 0.332: [GC (Allocation Failure) [PSYoungGen: 116536K->42649K(116736K)] 375156K->336864K(466432K), 0.0085210 secs] [Times: user=0.06 sys=0.09, real=0.01 secs] 

2020-10-28T22:37:18.699+0800: 0.341: [Full GC (Ergonomics) [PSYoungGen: 42649K->0K(116736K)] [ParOldGen: 294214K->248424K(349696K)] 336864K->248424K(466432K), [Metaspace: 2819K->2819K(1056768K)], 0.0300377 secs] [Times: user=0.30 sys=0.02, real=0.03 secs]    #第一次fullGC，young区减少到0k，old区减少的十分少，meta区无变化

2020-10-28T22:37:18.734+0800: 0.377: [GC (Allocation Failure) [PSYoungGen: 58880K->23058K(116736K)] 307304K->271482K(466432K), 0.0027092 secs] [Times: user=0.00 sys=0.00, real=0.00 secs] 
2020-10-28T22:37:18.744+0800: 0.386: [GC (Allocation Failure) [PSYoungGen: 81938K->23338K(116736K)] 330362K->292745K(466432K), 0.0047887 secs] [Times: user=0.00 sys=0.00, real=0.01 secs] 
2020-10-28T22:37:18.755+0800: 0.397: [GC (Allocation Failure) [PSYoungGen: 82169K->21155K(116736K)] 351575K->313309K(466432K), 0.0047985 secs] [Times: user=0.16 sys=0.00, real=0.00 secs] 
2020-10-28T22:37:18.766+0800: 0.408: [GC (Allocation Failure) [PSYoungGen: 80035K->24514K(116736K)] 372189K->336945K(466432K), 0.0049254 secs] [Times: user=0.00 sys=0.00, real=0.00 secs] 
2020-10-28T22:37:18.771+0800: 0.413: [Full GC (Ergonomics) [PSYoungGen: 24514K->0K(116736K)] [ParOldGen: 312430K->274628K(349696K)] 336945K->274628K(466432K), [Metaspace: 2819K->2819K(1056768K)], 0.0292540 secs] [Times: user=0.17 sys=0.00, real=0.03 secs] 
2020-10-28T22:37:18.807+0800: 0.449: [GC (Allocation Failure) [PSYoungGen: 58880K->17073K(116736K)] 333508K->291702K(466432K), 0.0024193 secs] [Times: user=0.00 sys=0.00, real=0.00 secs] 
2020-10-28T22:37:18.816+0800: 0.458: [GC (Allocation Failure) [PSYoungGen: 75953K->22750K(116736K)] 350582K->313656K(466432K), 0.0041407 secs] [Times: user=0.16 sys=0.00, real=0.00 secs] 
2020-10-28T22:37:18.827+0800: 0.469: [GC (Allocation Failure) [PSYoungGen: 81630K->21016K(116736K)] 372536K->332658K(466432K), 0.0043220 secs] [Times: user=0.00 sys=0.00, real=0.00 secs] 
2020-10-28T22:37:18.831+0800: 0.473: [Full GC (Ergonomics) [PSYoungGen: 21016K->0K(116736K)] [ParOldGen: 311641K->294382K(349696K)] 332658K->294382K(466432K), [Metaspace: 2819K->2819K(1056768K)], 0.0301444 secs] [Times: user=0.23 sys=0.01, real=0.03 secs] 
2020-10-28T22:37:18.868+0800: 0.510: [GC (Allocation Failure) [PSYoungGen: 58880K->20481K(116736K)] 353262K->314863K(466432K), 0.0024302 secs] [Times: user=0.00 sys=0.00, real=0.00 secs] 
2020-10-28T22:37:18.877+0800: 0.519: [GC (Allocation Failure) [PSYoungGen: 79360K->20923K(116736K)] 373742K->333951K(466432K), 0.0043133 secs] [Times: user=0.14 sys=0.02, real=0.00 secs] 
2020-10-28T22:37:18.882+0800: 0.524: [Full GC (Ergonomics) [PSYoungGen: 20923K->0K(116736K)] [ParOldGen: 313028K->301595K(349696K)] 333951K->301595K(466432K), [Metaspace: 2819K->2819K(1056768K)], 0.0295586 secs] [Times: user=0.16 sys=0.00, real=0.03 secs] 
2020-10-28T22:37:18.918+0800: 0.560: [GC (Allocation Failure) [PSYoungGen: 58880K->22235K(116736K)] 360475K->323830K(466432K), 0.0025866 secs] [Times: user=0.00 sys=0.00, real=0.00 secs] 
2020-10-28T22:37:18.927+0800: 0.569: [GC (Allocation Failure) [PSYoungGen: 81115K->21648K(116736K)] 382710K->344014K(466432K), 0.0047270 secs] [Times: user=0.16 sys=0.00, real=0.00 secs] 
2020-10-28T22:37:18.931+0800: 0.573: [Full GC (Ergonomics) [PSYoungGen: 21648K->0K(116736K)] [ParOldGen: 322366K->312580K(349696K)] 344014K->312580K(466432K), [Metaspace: 2819K->2819K(1056768K)], 0.0301843 secs] [Times: user=0.31 sys=0.00, real=0.03 secs] 
2020-10-28T22:37:18.967+0800: 0.610: [Full GC (Ergonomics) [PSYoungGen: 58880K->0K(116736K)] [ParOldGen: 312580K->317269K(349696K)] 371460K->317269K(466432K), [Metaspace: 2819K->2819K(1056768K)], 0.0309879 secs] [Times: user=0.30 sys=0.00, real=0.03 secs] 
2020-10-28T22:37:19.005+0800: 0.647: [Full GC (Ergonomics) [PSYoungGen: 58307K->0K(116736K)] [ParOldGen: 317269K->317586K(349696K)] 375576K->317586K(466432K), [Metaspace: 2819K->2819K(1056768K)], 0.0305481 secs] [Times: user=0.31 sys=0.00, real=0.03 secs] 
2020-10-28T22:37:19.042+0800: 0.684: [Full GC (Ergonomics) [PSYoungGen: 58788K->0K(116736K)] [ParOldGen: 317586K->324507K(349696K)] 376374K->324507K(466432K), [Metaspace: 2819K->2819K(1056768K)], 0.0309508 secs] [Times: user=0.31 sys=0.00, real=0.03 secs] 
2020-10-28T22:37:19.079+0800: 0.721: [Full GC (Ergonomics) [PSYoungGen: 58698K->0K(116736K)] [ParOldGen: 324507K->327583K(349696K)] 383205K->327583K(466432K), [Metaspace: 2819K->2819K(1056768K)], 0.0305447 secs] [Times: user=0.30 sys=0.02, real=0.03 secs] 
2020-10-28T22:37:19.116+0800: 0.758: [Full GC (Ergonomics) [PSYoungGen: 58880K->0K(116736K)] [ParOldGen: 327583K->328501K(349696K)] 386463K->328501K(466432K), [Metaspace: 2819K->2819K(1056768K)], 0.0316013 secs] [Times: user=0.33 sys=0.00, real=0.03 secs] 
2020-10-28T22:37:19.154+0800: 0.796: [Full GC (Ergonomics) [PSYoungGen: 58880K->0K(116736K)] [ParOldGen: 328501K->330629K(349696K)] 387381K->330629K(466432K), [Metaspace: 2819K->2819K(1056768K)], 0.0332420 secs] [Times: user=0.30 sys=0.02, real=0.03 secs] 
2020-10-28T22:37:19.193+0800: 0.835: [Full GC (Ergonomics) [PSYoungGen: 58880K->0K(116736K)] [ParOldGen: 330629K->330389K(349696K)] 389509K->330389K(466432K), [Metaspace: 2819K->2819K(1056768K)], 0.0334051 secs] [Times: user=0.33 sys=0.00, real=0.03 secs] 
2020-10-28T22:37:19.234+0800: 0.875: [Full GC (Ergonomics) [PSYoungGen: 58880K->0K(116736K)] [ParOldGen: 330389K->333365K(349696K)] 389269K->333365K(466432K), [Metaspace: 2819K->2819K(1056768K)], 0.0318262 secs] [Times: user=0.31 sys=0.00, real=0.03 secs] 
2020-10-28T22:37:19.271+0800: 0.913: [Full GC (Ergonomics) [PSYoungGen: 58880K->0K(116736K)] [ParOldGen: 333365K->335887K(349696K)] 392245K->335887K(466432K), [Metaspace: 2819K->2819K(1056768K)], 0.0337913 secs] [Times: user=0.19 sys=0.00, real=0.03 secs] 
2020-10-28T22:37:19.311+0800: 0.953: [Full GC (Ergonomics) [PSYoungGen: 58880K->0K(116736K)] [ParOldGen: 335887K->333920K(349696K)] 394767K->333920K(466432K), [Metaspace: 2819K->2819K(1056768K)], 0.0325958 secs] [Times: user=0.31 sys=0.00, real=0.03 secs] 
2020-10-28T22:37:19.350+0800: 0.992: [Full GC (Ergonomics) [PSYoungGen: 58825K->0K(116736K)] [ParOldGen: 333920K->337610K(349696K)] 392745K->337610K(466432K), [Metaspace: 2819K->2819K(1056768K)], 0.0342575 secs] [Times: user=0.47 sys=0.00, real=0.04 secs] 
2020-10-28T22:37:19.391+0800: 1.033: [Full GC (Ergonomics) [PSYoungGen: 58880K->0K(116736K)] [ParOldGen: 337610K->339791K(349696K)] 396490K->339791K(466432K), [Metaspace: 2819K->2819K(1056768K)], 0.0343571 secs] [Times: user=0.27 sys=0.02, real=0.04 secs] 
2020-10-28T22:37:19.432+0800: 1.074: [Full GC (Ergonomics) [PSYoungGen: 58402K->0K(116736K)] [ParOldGen: 339791K->343626K(349696K)] 398193K->343626K(466432K), [Metaspace: 2819K->2819K(1056768K)], 0.0343195 secs] [Times: user=0.31 sys=0.00, real=0.03 secs]  #堆内存配的比较小的时候，fullGC的频率很高
Heap
 PSYoungGen      total 116736K, used 3026K [0x00000000f5580000, 0x0000000100000000, 0x0000000100000000)
  eden space 58880K, 5% used [0x00000000f5580000,0x00000000f5874a10,0x00000000f8f00000)
  from space 57856K, 0% used [0x00000000f8f00000,0x00000000f8f00000,0x00000000fc780000)
  to   space 57856K, 0% used [0x00000000fc780000,0x00000000fc780000,0x0000000100000000)
 ParOldGen       total 349696K, used 343626K [0x00000000e0000000, 0x00000000f5580000, 0x00000000f5580000)
  object space 349696K, 98% used [0x00000000e0000000,0x00000000f4f92a98,0x00000000f5580000)
 Metaspace       used 2825K, capacity 4486K, committed 4864K, reserved 1056768K
  class space    used 306K, capacity 386K, committed 512K, reserved 1048576K

```



### 2. 串行

```powershell
java -XX:+UseSerialGC -Xloggc:gc.demo.log -Xms512m -Xmx512m -XX:+PrintGCDetails -XX:+PrintGCDateStamps GCLogAnalysis
正在执行...
执行结束!共生成对象次数:11740
```

```powershell
Java HotSpot(TM) 64-Bit Server VM (25.162-b12) for windows-amd64 JRE (1.8.0_162-b12), built on Dec 19 2017 20:00:03 by "java_re" with MS VC++ 10.0 (VS2010)
Memory: 4k page, physical 16639600k(6199612k free), swap 29086024k(4930500k free)
CommandLine flags: -XX:InitialHeapSize=536870912 -XX:MaxHeapSize=536870912 -XX:+PrintGC -XX:+PrintGCDateStamps -XX:+PrintGCDetails -XX:+PrintGCTimeStamps -XX:+UseCompressedClassPointers -XX:+UseCompressedOops -XX:-UseLargePagesIndividualAllocation -XX:+UseSerialGC 
2020-10-28T22:42:42.843+0800: 0.172: [GC (Allocation Failure) 2020-10-28T22:42:42.843+0800: 0.172: [DefNew: 139672K->17471K(157248K), 0.0210765 secs] 139672K->47114K(506816K), 0.0211821 secs] [Times: user=0.00 sys=0.02, real=0.02 secs] 
2020-10-28T22:42:42.882+0800: 0.210: [GC (Allocation Failure) 2020-10-28T22:42:42.882+0800: 0.210: [DefNew: 157247K->17470K(157248K), 0.0275587 secs] 186890K->93279K(506816K), 0.0276152 secs] [Times: user=0.02 sys=0.01, real=0.03 secs] 
2020-10-28T22:42:42.924+0800: 0.254: [GC (Allocation Failure) 2020-10-28T22:42:42.924+0800: 0.254: [DefNew: 156926K->17471K(157248K), 0.0206729 secs] 232734K->136257K(506816K), 0.0207201 secs] [Times: user=0.00 sys=0.03, real=0.02 secs] 
2020-10-28T22:42:42.960+0800: 0.289: [GC (Allocation Failure) 2020-10-28T22:42:42.960+0800: 0.289: [DefNew: 157247K->17470K(157248K), 0.0238229 secs] 276033K->186734K(506816K), 0.0238663 secs] [Times: user=0.01 sys=0.00, real=0.02 secs] 
2020-10-28T22:42:43.000+0800: 0.329: [GC (Allocation Failure) 2020-10-28T22:42:43.000+0800: 0.329: [DefNew: 157246K->17468K(157248K), 0.0186003 secs] 326510K->225346K(506816K), 0.0186496 secs] [Times: user=0.00 sys=0.02, real=0.02 secs] 
2020-10-28T22:42:43.034+0800: 0.363: [GC (Allocation Failure) 2020-10-28T22:42:43.034+0800: 0.363: [DefNew: 157244K->17470K(157248K), 0.0215657 secs] 365122K->266055K(506816K), 0.0216118 secs] [Times: user=0.02 sys=0.02, real=0.02 secs] 
2020-10-28T22:42:43.070+0800: 0.399: [GC (Allocation Failure) 2020-10-28T22:42:43.070+0800: 0.399: [DefNew: 157246K->17471K(157248K), 0.0228232 secs] 405831K->313936K(506816K), 0.0228740 secs] [Times: user=0.02 sys=0.00, real=0.02 secs] 
2020-10-28T22:42:43.106+0800: 0.435: [GC (Allocation Failure) 2020-10-28T22:42:43.106+0800: 0.435: [DefNew: 157247K->157247K(157248K), 0.0000120 secs]2020-10-28T22:42:43.106+0800: 0.435: [Tenured: 296464K->264408K(349568K), 0.0268452 secs] 453712K->264408K(506816K), [Metaspace: 2820K->2820K(1056768K)], 0.0269256 secs] [Times: user=0.03 sys=0.00, real=0.03 secs] 
2020-10-28T22:42:43.148+0800: 0.477: [GC (Allocation Failure) 2020-10-28T22:42:43.148+0800: 0.477: [DefNew: 139776K->17470K(157248K), 0.0053426 secs] 404184K->306227K(506816K), 0.0053936 secs] [Times: user=0.00 sys=0.00, real=0.01 secs] 
2020-10-28T22:42:43.169+0800: 0.498: [GC (Allocation Failure) 2020-10-28T22:42:43.169+0800: 0.498: [DefNew: 157246K->17471K(157248K), 0.0218031 secs] 446003K->351933K(506816K), 0.0218539 secs] [Times: user=0.00 sys=0.02, real=0.02 secs] 
2020-10-28T22:42:43.210+0800: 0.539: [GC (Allocation Failure) 2020-10-28T22:42:43.210+0800: 0.539: [DefNew: 157247K->157247K(157248K), 0.0000145 secs]2020-10-28T22:42:43.210+0800: 0.539: [Tenured: 334461K->301737K(349568K), 0.0390513 secs] 491709K->301737K(506816K), [Metaspace: 2820K->2820K(1056768K)], 0.0391351 secs] [Times: user=0.03 sys=0.00, real=0.04 secs] 
2020-10-28T22:42:43.265+0800: 0.594: [GC (Allocation Failure) 2020-10-28T22:42:43.266+0800: 0.594: [DefNew: 139776K->139776K(157248K), 0.0000135 secs]2020-10-28T22:42:43.266+0800: 0.594: [Tenured: 301737K->308987K(349568K), 0.0403163 secs] 441513K->308987K(506816K), [Metaspace: 2820K->2820K(1056768K)], 0.0404044 secs] [Times: user=0.05 sys=0.00, real=0.04 secs] 
2020-10-28T22:42:43.325+0800: 0.653: [GC (Allocation Failure) 2020-10-28T22:42:43.325+0800: 0.654: [DefNew: 139776K->139776K(157248K), 0.0000260 secs]2020-10-28T22:42:43.325+0800: 0.654: [Tenured: 308987K->298767K(349568K), 0.0407146 secs] 448763K->298767K(506816K), [Metaspace: 2820K->2820K(1056768K)], 0.0409110 secs] [Times: user=0.03 sys=0.00, real=0.04 secs] 
2020-10-28T22:42:43.381+0800: 0.710: [GC (Allocation Failure) 2020-10-28T22:42:43.381+0800: 0.710: [DefNew: 139564K->17470K(157248K), 0.0066540 secs] 438332K->349344K(506816K), 0.0067032 secs] [Times: user=0.02 sys=0.00, real=0.01 secs] 
2020-10-28T22:42:43.403+0800: 0.732: [GC (Allocation Failure) 2020-10-28T22:42:43.403+0800: 0.732: [DefNew: 157201K->157201K(157248K), 0.0000134 secs]2020-10-28T22:42:43.403+0800: 0.732: [Tenured: 331873K->334109K(349568K), 0.0322601 secs] 489074K->334109K(506816K), [Metaspace: 2820K->2820K(1056768K)], 0.0323326 secs] [Times: user=0.03 sys=0.00, real=0.03 secs] 
2020-10-28T22:42:43.450+0800: 0.779: [GC (Allocation Failure) 2020-10-28T22:42:43.450+0800: 0.779: [DefNew: 139704K->139704K(157248K), 0.0000142 secs]2020-10-28T22:42:43.450+0800: 0.779: [Tenured: 334109K->343544K(349568K), 0.0366237 secs] 473814K->343544K(506816K), [Metaspace: 2820K->2820K(1056768K)], 0.0366974 secs] [Times: user=0.03 sys=0.00, real=0.04 secs] 
2020-10-28T22:42:43.501+0800: 0.830: [GC (Allocation Failure) 2020-10-28T22:42:43.501+0800: 0.830: [DefNew: 139776K->139776K(157248K), 0.0000121 secs]2020-10-28T22:42:43.501+0800: 0.830: [Tenured: 343544K->348287K(349568K), 0.0386461 secs] 483320K->348287K(506816K), [Metaspace: 2820K->2820K(1056768K)], 0.0387074 secs] [Times: user=0.05 sys=0.00, real=0.04 secs] 
2020-10-28T22:42:43.554+0800: 0.883: [GC (Allocation Failure) 2020-10-28T22:42:43.554+0800: 0.883: [DefNew: 139776K->139776K(157248K), 0.0000130 secs]2020-10-28T22:42:43.554+0800: 0.883: [Tenured: 348287K->340456K(349568K), 0.0378255 secs] 488063K->340456K(506816K), [Metaspace: 2820K->2820K(1056768K)], 0.0379024 secs] [Times: user=0.03 sys=0.00, real=0.04 secs] 
2020-10-28T22:42:43.606+0800: 0.935: [GC (Allocation Failure) 2020-10-28T22:42:43.606+0800: 0.935: [DefNew: 139776K->139776K(157248K), 0.0000121 secs]2020-10-28T22:42:43.606+0800: 0.935: [Tenured: 340456K->349531K(349568K), 0.0244313 secs] 480232K->361246K(506816K), [Metaspace: 2820K->2820K(1056768K)], 0.0244997 secs] [Times: user=0.01 sys=0.00, real=0.03 secs] 
2020-10-28T22:42:43.646+0800: 0.974: [Full GC (Allocation Failure) 2020-10-28T22:42:43.646+0800: 0.974: [Tenured: 349531K->349287K(349568K), 0.0312075 secs] 506727K->363192K(506816K), [Metaspace: 2820K->2820K(1056768K)], 0.0312566 secs] [Times: user=0.03 sys=0.00, real=0.03 secs] 
2020-10-28T22:42:43.691+0800: 1.021: [Full GC (Allocation Failure) 2020-10-28T22:42:43.691+0800: 1.021: [Tenured: 349487K->349463K(349568K), 0.0360824 secs] 506689K->362493K(506816K), [Metaspace: 2820K->2820K(1056768K)], 0.0361323 secs] [Times: user=0.05 sys=0.00, real=0.04 secs] 
2020-10-28T22:42:43.743+0800: 1.072: [Full GC (Allocation Failure) 2020-10-28T22:42:43.743+0800: 1.072: [Tenured: 349463K->348965K(349568K), 0.0395456 secs] 506676K->348965K(506816K), [Metaspace: 2820K->2820K(1056768K)], 0.0396029 secs] [Times: user=0.03 sys=0.00, real=0.04 secs] 
Heap
 def new generation   total 157248K, used 5756K [0x00000000e0000000, 0x00000000eaaa0000, 0x00000000eaaa0000)
  eden space 139776K,   4% used [0x00000000e0000000, 0x00000000e059f148, 0x00000000e8880000)
  from space 17472K,   0% used [0x00000000e8880000, 0x00000000e8880000, 0x00000000e9990000)
  to   space 17472K,   0% used [0x00000000e9990000, 0x00000000e9990000, 0x00000000eaaa0000)
 tenured generation   total 349568K, used 348965K [0x00000000eaaa0000, 0x0000000100000000, 0x0000000100000000)
   the space 349568K,  99% used [0x00000000eaaa0000, 0x00000000fff696d8, 0x00000000fff69800, 0x0000000100000000)
 Metaspace       used 2826K, capacity 4486K, committed 4864K, reserved 1056768K
  class space    used 306K, capacity 386K, committed 512K, reserved 1048576K

```






### 3. CMS

```powershell
java -XX:+UseConcMarkSweepGC -Xms1g -Xmx1g -XX:+PrintGCDetails -XX:+PrintGCDateStamps GCLogAnalysis
正在执行...
执行结束!共生成对象次数:16902
```

```powershell
Java HotSpot(TM) 64-Bit Server VM (25.162-b12) for windows-amd64 JRE (1.8.0_162-b12), built on Dec 19 2017 20:00:03 by "java_re" with MS VC++ 10.0 (VS2010)
Memory: 4k page, physical 16639600k(6400832k free), swap 30176084k(6191460k free)
CommandLine flags: -XX:InitialHeapSize=1073741824 -XX:MaxHeapSize=1073741824 -XX:MaxNewSize=357916672 -XX:MaxTenuringThreshold=6 -XX:NewSize=357916672 -XX:OldPLABSize=16 -XX:OldSize=715825152 -XX:+PrintGC -XX:+PrintGCDateStamps -XX:+PrintGCDetails -XX:+PrintGCTimeStamps -XX:+UseCompressedClassPointers -XX:+UseCompressedOops -XX:+UseConcMarkSweepGC -XX:-UseLargePagesIndividualAllocation -XX:+UseParNewGC 
2020-10-28T23:00:06.741+0800: 0.227: [GC (Allocation Failure) 2020-10-28T23:00:06.741+0800: 0.227: [ParNew: 279616K->34944K(314560K), 0.0113804 secs] 279616K->87860K(1013632K), 0.0114995 secs] [Times: user=0.16 sys=0.00, real=0.01 secs] 
2020-10-28T23:00:06.786+0800: 0.272: [GC (Allocation Failure) 2020-10-28T23:00:06.786+0800: 0.272: [ParNew: 314560K->34944K(314560K), 0.0142836 secs] 367476K->164489K(1013632K), 0.0143339 secs] [Times: user=0.03 sys=0.13, real=0.01 secs] 
2020-10-28T23:00:06.829+0800: 0.316: [GC (Allocation Failure) 2020-10-28T23:00:06.829+0800: 0.316: [ParNew: 314560K->34944K(314560K), 0.0430397 secs] 444105K->249592K(1013632K), 0.0430963 secs] [Times: user=0.45 sys=0.00, real=0.04 secs] 
2020-10-28T23:00:06.901+0800: 0.387: [GC (Allocation Failure) 2020-10-28T23:00:06.901+0800: 0.387: [ParNew: 314560K->34944K(314560K), 0.0375833 secs] 529208K->325827K(1013632K), 0.0376431 secs] [Times: user=0.30 sys=0.02, real=0.04 secs] 
2020-10-28T23:00:06.967+0800: 0.453: [GC (Allocation Failure) 2020-10-28T23:00:06.967+0800: 0.453: [ParNew: 314560K->34944K(314560K), 0.0377427 secs] 605443K->405335K(1013632K), 0.0378033 secs] [Times: user=0.27 sys=0.05, real=0.04 secs] 
2020-10-28T23:00:07.005+0800: 0.491: [GC (CMS Initial Mark) [1 CMS-initial-mark: 370391K(699072K)] 406126K(1013632K), 0.0004068 secs] [Times: user=0.00 sys=0.00, real=0.00 secs] 
2020-10-28T23:00:07.005+0800: 0.491: [CMS-concurrent-mark-start]
2020-10-28T23:00:07.007+0800: 0.493: [CMS-concurrent-mark: 0.002/0.002 secs] [Times: user=0.00 sys=0.00, real=0.00 secs] 
2020-10-28T23:00:07.007+0800: 0.493: [CMS-concurrent-preclean-start]
2020-10-28T23:00:07.007+0800: 0.494: [CMS-concurrent-preclean: 0.001/0.001 secs] [Times: user=0.00 sys=0.00, real=0.00 secs] 
2020-10-28T23:00:07.007+0800: 0.494: [CMS-concurrent-abortable-preclean-start]
2020-10-28T23:00:07.032+0800: 0.519: [GC (Allocation Failure) 2020-10-28T23:00:07.032+0800: 0.519: [ParNew: 314560K->34943K(314560K), 0.0357809 secs] 684951K->476317K(1013632K), 0.0358327 secs] [Times: user=0.30 sys=0.02, real=0.04 secs] 
2020-10-28T23:00:07.096+0800: 0.583: [GC (Allocation Failure) 2020-10-28T23:00:07.096+0800: 0.583: [ParNew: 314559K->34942K(314560K), 0.0434039 secs] 755933K->562643K(1013632K), 0.0434523 secs] [Times: user=0.44 sys=0.03, real=0.04 secs] 
2020-10-28T23:00:07.168+0800: 0.654: [GC (Allocation Failure) 2020-10-28T23:00:07.168+0800: 0.654: [ParNew: 314558K->34943K(314560K), 0.0417703 secs] 842259K->644299K(1013632K), 0.0418288 secs] [Times: user=0.27 sys=0.05, real=0.04 secs] 
2020-10-28T23:00:07.240+0800: 0.727: [GC (Allocation Failure) 2020-10-28T23:00:07.240+0800: 0.727: [ParNew: 314529K->34942K(314560K), 0.0407532 secs] 923885K->724946K(1013632K), 0.0408043 secs] [Times: user=0.45 sys=0.02, real=0.04 secs] 
2020-10-28T23:00:07.280+0800: 0.767: [CMS-concurrent-abortable-preclean: 0.005/0.274 secs] [Times: user=1.63 sys=0.11, real=0.27 secs] 
2020-10-28T23:00:07.281+0800: 0.768: [GC (CMS Final Remark) [YG occupancy: 41310 K (314560 K)]2020-10-28T23:00:07.281+0800: 0.768: [Rescan (parallel) , 0.0003958 secs]2020-10-28T23:00:07.281+0800: 0.768: [weak refs processing, 0.0000092 secs]2020-10-28T23:00:07.281+0800: 0.768: [class unloading, 0.0001860 secs]2020-10-28T23:00:07.281+0800: 0.768: [scrub symbol table, 0.0002622 secs]2020-10-28T23:00:07.281+0800: 0.768: [scrub string table, 0.0000952 secs][1 CMS-remark: 690003K(699072K)] 731314K(1013632K), 0.0010065 secs] [Times: user=0.00 sys=0.00, real=0.00 secs] 
2020-10-28T23:00:07.282+0800: 0.769: [CMS-concurrent-sweep-start]
2020-10-28T23:00:07.283+0800: 0.770: [CMS-concurrent-sweep: 0.001/0.001 secs] [Times: user=0.00 sys=0.00, real=0.00 secs] 
2020-10-28T23:00:07.283+0800: 0.770: [CMS-concurrent-reset-start]
2020-10-28T23:00:07.284+0800: 0.771: [CMS-concurrent-reset: 0.001/0.001 secs] [Times: user=0.00 sys=0.00, real=0.00 secs] 
2020-10-28T23:00:07.310+0800: 0.797: [GC (Allocation Failure) 2020-10-28T23:00:07.310+0800: 0.797: [ParNew: 314558K->34943K(314560K), 0.0150701 secs] 873029K->674468K(1013632K), 0.0151191 secs] [Times: user=0.16 sys=0.00, real=0.02 secs] 
2020-10-28T23:00:07.326+0800: 0.812: [GC (CMS Initial Mark) [1 CMS-initial-mark: 639524K(699072K)] 674816K(1013632K), 0.0001365 secs] [Times: user=0.00 sys=0.00, real=0.00 secs] 
2020-10-28T23:00:07.326+0800: 0.813: [CMS-concurrent-mark-start]
2020-10-28T23:00:07.327+0800: 0.814: [CMS-concurrent-mark: 0.001/0.001 secs] [Times: user=0.00 sys=0.00, real=0.00 secs] 
2020-10-28T23:00:07.327+0800: 0.814: [CMS-concurrent-preclean-start]
2020-10-28T23:00:07.327+0800: 0.814: [CMS-concurrent-preclean: 0.001/0.001 secs] [Times: user=0.00 sys=0.00, real=0.00 secs] 
2020-10-28T23:00:07.327+0800: 0.814: [CMS-concurrent-abortable-preclean-start]
2020-10-28T23:00:07.355+0800: 0.842: [GC (Allocation Failure) 2020-10-28T23:00:07.355+0800: 0.842: [ParNew: 314559K->314559K(314560K), 0.0000168 secs]2020-10-28T23:00:07.355+0800: 0.842: [CMS2020-10-28T23:00:07.355+0800: 0.842: [CMS-concurrent-abortable-preclean: 0.001/0.027 secs] [Times: user=0.03 sys=0.00, real=0.03 secs] 
 (concurrent mode failure): 639524K->354983K(699072K), 0.0425149 secs] 954084K->354983K(1013632K), [Metaspace: 2819K->2819K(1056768K)], 0.0425862 secs] [Times: user=0.03 sys=0.00, real=0.04 secs] 
2020-10-28T23:00:07.426+0800: 0.913: [GC (Allocation Failure) 2020-10-28T23:00:07.426+0800: 0.913: [ParNew: 279616K->34943K(314560K), 0.0115284 secs] 634599K->443010K(1013632K), 0.0115742 secs] [Times: user=0.16 sys=0.00, real=0.01 secs] 
2020-10-28T23:00:07.438+0800: 0.924: [GC (CMS Initial Mark) [1 CMS-initial-mark: 408066K(699072K)] 443133K(1013632K), 0.0006526 secs] [Times: user=0.00 sys=0.00, real=0.00 secs] 
2020-10-28T23:00:07.438+0800: 0.925: [CMS-concurrent-mark-start]
2020-10-28T23:00:07.439+0800: 0.926: [CMS-concurrent-mark: 0.001/0.001 secs] [Times: user=0.00 sys=0.00, real=0.00 secs] 
2020-10-28T23:00:07.439+0800: 0.926: [CMS-concurrent-preclean-start]
2020-10-28T23:00:07.440+0800: 0.926: [CMS-concurrent-preclean: 0.001/0.001 secs] [Times: user=0.00 sys=0.00, real=0.00 secs] 
2020-10-28T23:00:07.440+0800: 0.926: [CMS-concurrent-abortable-preclean-start]
2020-10-28T23:00:07.467+0800: 0.954: [GC (Allocation Failure) 2020-10-28T23:00:07.467+0800: 0.954: [ParNew: 314559K->34943K(314560K), 0.0149466 secs] 722626K->522123K(1013632K), 0.0149931 secs] [Times: user=0.14 sys=0.02, real=0.02 secs] 
2020-10-28T23:00:07.514+0800: 1.001: [GC (Allocation Failure) 2020-10-28T23:00:07.515+0800: 1.001: [ParNew: 314559K->34943K(314560K), 0.0158023 secs] 801739K->610792K(1013632K), 0.0158555 secs] [Times: user=0.16 sys=0.00, real=0.02 secs] 
2020-10-28T23:00:07.560+0800: 1.046: [GC (Allocation Failure) 2020-10-28T23:00:07.560+0800: 1.046: [ParNew: 314559K->34943K(314560K), 0.0161800 secs] 890408K->689857K(1013632K), 0.0162352 secs] [Times: user=0.14 sys=0.00, real=0.02 secs] 
2020-10-28T23:00:07.577+0800: 1.064: [CMS-concurrent-abortable-preclean: 0.005/0.137 secs] [Times: user=0.53 sys=0.02, real=0.14 secs] 
2020-10-28T23:00:07.578+0800: 1.064: [GC (CMS Final Remark) [YG occupancy: 52918 K (314560 K)]2020-10-28T23:00:07.578+0800: 1.064: [Rescan (parallel) , 0.0005027 secs]2020-10-28T23:00:07.578+0800: 1.064: [weak refs processing, 0.0000101 secs]2020-10-28T23:00:07.578+0800: 1.064: [class unloading, 0.0002085 secs]2020-10-28T23:00:07.578+0800: 1.065: [scrub symbol table, 0.0003143 secs]2020-10-28T23:00:07.578+0800: 1.065: [scrub string table, 0.0000973 secs][1 CMS-remark: 654914K(699072K)] 707833K(1013632K), 0.0011866 secs] [Times: user=0.00 sys=0.00, real=0.00 secs] 
2020-10-28T23:00:07.578+0800: 1.065: [CMS-concurrent-sweep-start]
2020-10-28T23:00:07.580+0800: 1.066: [CMS-concurrent-sweep: 0.001/0.001 secs] [Times: user=0.00 sys=0.00, real=0.00 secs] 
2020-10-28T23:00:07.580+0800: 1.066: [CMS-concurrent-reset-start]
2020-10-28T23:00:07.580+0800: 1.067: [CMS-concurrent-reset: 0.000/0.000 secs] [Times: user=0.00 sys=0.00, real=0.00 secs] 
2020-10-28T23:00:07.609+0800: 1.097: [GC (Allocation Failure) 2020-10-28T23:00:07.609+0800: 1.097: [ParNew: 314559K->34942K(314560K), 0.0166262 secs] 888857K->692918K(1013632K), 0.0166759 secs] [Times: user=0.16 sys=0.00, real=0.02 secs] 
2020-10-28T23:00:07.626+0800: 1.113: [GC (CMS Initial Mark) [1 CMS-initial-mark: 657975K(699072K)] 693062K(1013632K), 0.0003406 secs] [Times: user=0.00 sys=0.00, real=0.00 secs] 
2020-10-28T23:00:07.627+0800: 1.114: [CMS-concurrent-mark-start]
Heap
 par new generation   total 314560K, used 46240K [0x00000000c0000000, 0x00000000d5550000, 0x00000000d5550000)
  eden space 279616K,   4% used [0x00000000c0000000, 0x00000000c0b08840, 0x00000000d1110000)
  from space 34944K,  99% used [0x00000000d3330000, 0x00000000d554fb60, 0x00000000d5550000)
  to   space 34944K,   0% used [0x00000000d1110000, 0x00000000d1110000, 0x00000000d3330000)
 concurrent mark-sweep generation total 699072K, used 657975K [0x00000000d5550000, 0x0000000100000000, 0x0000000100000000)
 Metaspace       used 2825K, capacity 4486K, committed 4864K, reserved 1056768K
  class space    used 306K, capacity 386K, committed 512K, reserved 1048576K

```



### 4. G1

```powershell
java -XX:+UseG1GC -Xms4g -Xmx4g -Xloggc:gc.demo.log -XX:+PrintGCDetails -XX:+PrintGCDateStamps GCLogAnalysis
正在执行...
执行结束!共生成对象次数:16807
```

```powershell
Java HotSpot(TM) 64-Bit Server VM (25.162-b12) for windows-amd64 JRE (1.8.0_162-b12), built on Dec 19 2017 20:00:03 by "java_re" with MS VC++ 10.0 (VS2010)
Memory: 4k page, physical 16639600k(6240740k free), swap 29519168k(5174744k free)
CommandLine flags: -XX:InitialHeapSize=4294967296 -XX:MaxHeapSize=4294967296 -XX:+PrintGC -XX:+PrintGCDateStamps -XX:+PrintGCDetails -XX:+PrintGCTimeStamps -XX:+UseCompressedClassPointers -XX:+UseCompressedOops -XX:+UseG1GC -XX:-UseLargePagesIndividualAllocation 
2020-10-28T22:55:59.576+0800: 0.252: [GC pause (G1 Evacuation Pause) (young), 0.0098903 secs]
   [Parallel Time: 7.9 ms, GC Workers: 10]
      [GC Worker Start (ms): Min: 252.1, Avg: 252.2, Max: 252.3, Diff: 0.2]
      [Ext Root Scanning (ms): Min: 0.0, Avg: 0.1, Max: 0.2, Diff: 0.2, Sum: 0.9]
      [Update RS (ms): Min: 0.0, Avg: 0.0, Max: 0.0, Diff: 0.0, Sum: 0.0]
         [Processed Buffers: Min: 0, Avg: 0.0, Max: 0, Diff: 0, Sum: 0]
      [Scan RS (ms): Min: 0.0, Avg: 0.0, Max: 0.0, Diff: 0.0, Sum: 0.1]
      [Code Root Scanning (ms): Min: 0.0, Avg: 0.0, Max: 0.0, Diff: 0.0, Sum: 0.0]
      [Object Copy (ms): Min: 6.7, Avg: 7.0, Max: 7.2, Diff: 0.5, Sum: 70.1]
      [Termination (ms): Min: 0.0, Avg: 0.2, Max: 0.5, Diff: 0.5, Sum: 2.1]
         [Termination Attempts: Min: 1, Avg: 1.0, Max: 1, Diff: 0, Sum: 10]
      [GC Worker Other (ms): Min: 0.0, Avg: 0.0, Max: 0.0, Diff: 0.0, Sum: 0.3]
      [GC Worker Total (ms): Min: 7.3, Avg: 7.4, Max: 7.5, Diff: 0.2, Sum: 73.5]
      [GC Worker End (ms): Min: 259.6, Avg: 259.6, Max: 259.6, Diff: 0.0]
   [Code Root Fixup: 0.0 ms]
   [Code Root Purge: 0.0 ms]
   [Clear CT: 0.6 ms]
   [Other: 1.3 ms]
      [Choose CSet: 0.0 ms]
      [Ref Proc: 0.5 ms]
      [Ref Enq: 0.0 ms]
      [Redirty Cards: 0.5 ms]
      [Humongous Register: 0.0 ms]
      [Humongous Reclaim: 0.0 ms]
      [Free CSet: 0.0 ms]
   [Eden: 204.0M(204.0M)->0.0B(178.0M) Survivors: 0.0B->26.0M Heap: 204.0M(4096.0M)->65.8M(4096.0M)]
 [Times: user=0.00 sys=0.00, real=0.01 secs] 
2020-10-28T22:55:59.608+0800: 0.284: [GC pause (G1 Evacuation Pause) (young), 0.0109748 secs]
   [Parallel Time: 9.2 ms, GC Workers: 10]
      [GC Worker Start (ms): Min: 284.0, Avg: 284.1, Max: 284.1, Diff: 0.2]
      [Ext Root Scanning (ms): Min: 0.0, Avg: 0.0, Max: 0.1, Diff: 0.1, Sum: 0.5]
      [Update RS (ms): Min: 0.0, Avg: 0.0, Max: 0.0, Diff: 0.0, Sum: 0.1]
         [Processed Buffers: Min: 0, Avg: 1.0, Max: 3, Diff: 3, Sum: 10]
      [Scan RS (ms): Min: 0.0, Avg: 0.0, Max: 0.0, Diff: 0.0, Sum: 0.1]
      [Code Root Scanning (ms): Min: 0.0, Avg: 0.0, Max: 0.0, Diff: 0.0, Sum: 0.0]
      [Object Copy (ms): Min: 8.3, Avg: 8.4, Max: 8.6, Diff: 0.2, Sum: 84.4]
      [Termination (ms): Min: 0.0, Avg: 0.1, Max: 0.3, Diff: 0.3, Sum: 1.4]
         [Termination Attempts: Min: 1, Avg: 1.0, Max: 1, Diff: 0, Sum: 10]
      [GC Worker Other (ms): Min: 0.0, Avg: 0.0, Max: 0.1, Diff: 0.1, Sum: 0.3]
      [GC Worker Total (ms): Min: 8.6, Avg: 8.7, Max: 8.9, Diff: 0.3, Sum: 86.8]
      [GC Worker End (ms): Min: 292.7, Avg: 292.7, Max: 292.8, Diff: 0.1]
   [Code Root Fixup: 0.0 ms]
   [Code Root Purge: 0.0 ms]
   [Clear CT: 0.6 ms]
   [Other: 1.1 ms]
      [Choose CSet: 0.0 ms]
      [Ref Proc: 0.6 ms]
      [Ref Enq: 0.0 ms]
      [Redirty Cards: 0.3 ms]
      [Humongous Register: 0.0 ms]
      [Humongous Reclaim: 0.0 ms]
      [Free CSet: 0.0 ms]
   [Eden: 178.0M(178.0M)->0.0B(178.0M) Survivors: 26.0M->26.0M Heap: 243.8M(4096.0M)->125.3M(4096.0M)]
 [Times: user=0.13 sys=0.03, real=0.01 secs] 
2020-10-28T22:55:59.639+0800: 0.316: [GC pause (G1 Evacuation Pause) (young), 0.0107959 secs]
   [Parallel Time: 9.3 ms, GC Workers: 10]
      [GC Worker Start (ms): Min: 315.6, Avg: 315.7, Max: 315.7, Diff: 0.1]
      [Ext Root Scanning (ms): Min: 0.0, Avg: 0.1, Max: 0.1, Diff: 0.1, Sum: 0.9]
      [Update RS (ms): Min: 0.1, Avg: 0.2, Max: 0.7, Diff: 0.7, Sum: 1.5]
         [Processed Buffers: Min: 1, Avg: 1.2, Max: 3, Diff: 2, Sum: 12]
      [Scan RS (ms): Min: 0.0, Avg: 0.0, Max: 0.0, Diff: 0.0, Sum: 0.1]
      [Code Root Scanning (ms): Min: 0.0, Avg: 0.0, Max: 0.0, Diff: 0.0, Sum: 0.0]
      [Object Copy (ms): Min: 7.8, Avg: 8.5, Max: 8.7, Diff: 0.9, Sum: 84.5]
      [Termination (ms): Min: 0.0, Avg: 0.2, Max: 0.3, Diff: 0.3, Sum: 1.9]
         [Termination Attempts: Min: 1, Avg: 1.0, Max: 1, Diff: 0, Sum: 10]
      [GC Worker Other (ms): Min: 0.0, Avg: 0.0, Max: 0.0, Diff: 0.0, Sum: 0.1]
      [GC Worker Total (ms): Min: 8.9, Avg: 8.9, Max: 8.9, Diff: 0.1, Sum: 89.1]
      [GC Worker End (ms): Min: 324.6, Avg: 324.6, Max: 324.6, Diff: 0.0]
   [Code Root Fixup: 0.0 ms]
   [Code Root Purge: 0.0 ms]
   [Clear CT: 0.6 ms]
   [Other: 0.9 ms]
      [Choose CSet: 0.0 ms]
      [Ref Proc: 0.5 ms]
      [Ref Enq: 0.0 ms]
      [Redirty Cards: 0.1 ms]
      [Humongous Register: 0.0 ms]
      [Humongous Reclaim: 0.0 ms]
      [Free CSet: 0.0 ms]
   [Eden: 178.0M(178.0M)->0.0B(178.0M) Survivors: 26.0M->26.0M Heap: 303.3M(4096.0M)->190.9M(4096.0M)]
 [Times: user=0.08 sys=0.08, real=0.01 secs] 
2020-10-28T22:55:59.669+0800: 0.346: [GC pause (G1 Evacuation Pause) (young), 0.0101512 secs]
   [Parallel Time: 8.3 ms, GC Workers: 10]
      [GC Worker Start (ms): Min: 345.8, Avg: 345.9, Max: 346.0, Diff: 0.2]
      [Ext Root Scanning (ms): Min: 0.0, Avg: 0.1, Max: 0.2, Diff: 0.2, Sum: 0.6]
      [Update RS (ms): Min: 0.0, Avg: 0.0, Max: 0.1, Diff: 0.1, Sum: 0.4]
         [Processed Buffers: Min: 1, Avg: 1.2, Max: 2, Diff: 1, Sum: 12]
      [Scan RS (ms): Min: 0.0, Avg: 0.0, Max: 0.0, Diff: 0.0, Sum: 0.1]
      [Code Root Scanning (ms): Min: 0.0, Avg: 0.0, Max: 0.0, Diff: 0.0, Sum: 0.0]
      [Object Copy (ms): Min: 7.2, Avg: 7.4, Max: 7.6, Diff: 0.4, Sum: 74.5]
      [Termination (ms): Min: 0.0, Avg: 0.1, Max: 0.3, Diff: 0.3, Sum: 1.5]
         [Termination Attempts: Min: 1, Avg: 1.0, Max: 1, Diff: 0, Sum: 10]
      [GC Worker Other (ms): Min: 0.0, Avg: 0.0, Max: 0.0, Diff: 0.0, Sum: 0.1]
      [GC Worker Total (ms): Min: 7.7, Avg: 7.7, Max: 7.8, Diff: 0.2, Sum: 77.1]
      [GC Worker End (ms): Min: 353.6, Avg: 353.6, Max: 353.6, Diff: 0.0]
   [Code Root Fixup: 0.0 ms]
   [Code Root Purge: 0.0 ms]
   [Clear CT: 0.9 ms]
   [Other: 1.0 ms]
      [Choose CSet: 0.0 ms]
      [Ref Proc: 0.2 ms]
      [Ref Enq: 0.0 ms]
      [Redirty Cards: 0.6 ms]
      [Humongous Register: 0.0 ms]
      [Humongous Reclaim: 0.0 ms]
      [Free CSet: 0.0 ms]
   [Eden: 178.0M(178.0M)->0.0B(178.0M) Survivors: 26.0M->26.0M Heap: 368.9M(4096.0M)->241.1M(4096.0M)]
 [Times: user=0.00 sys=0.00, real=0.01 secs] 
2020-10-28T22:55:59.701+0800: 0.377: [GC pause (G1 Evacuation Pause) (young), 0.0106371 secs]
   [Parallel Time: 8.8 ms, GC Workers: 10]
      [GC Worker Start (ms): Min: 377.1, Avg: 377.2, Max: 377.2, Diff: 0.1]
      [Ext Root Scanning (ms): Min: 0.0, Avg: 0.1, Max: 0.1, Diff: 0.1, Sum: 0.8]
      [Update RS (ms): Min: 0.0, Avg: 0.0, Max: 0.1, Diff: 0.1, Sum: 0.5]
         [Processed Buffers: Min: 1, Avg: 1.2, Max: 2, Diff: 1, Sum: 12]
      [Scan RS (ms): Min: 0.0, Avg: 0.0, Max: 0.0, Diff: 0.0, Sum: 0.1]
      [Code Root Scanning (ms): Min: 0.0, Avg: 0.0, Max: 0.0, Diff: 0.0, Sum: 0.0]
      [Object Copy (ms): Min: 8.1, Avg: 8.2, Max: 8.5, Diff: 0.4, Sum: 82.2]
      [Termination (ms): Min: 0.0, Avg: 0.3, Max: 0.4, Diff: 0.4, Sum: 2.7]
         [Termination Attempts: Min: 1, Avg: 1.0, Max: 1, Diff: 0, Sum: 10]
      [GC Worker Other (ms): Min: 0.0, Avg: 0.0, Max: 0.0, Diff: 0.0, Sum: 0.1]
      [GC Worker Total (ms): Min: 8.6, Avg: 8.6, Max: 8.7, Diff: 0.1, Sum: 86.3]
      [GC Worker End (ms): Min: 385.8, Avg: 385.8, Max: 385.8, Diff: 0.0]
   [Code Root Fixup: 0.0 ms]
   [Code Root Purge: 0.0 ms]
   [Clear CT: 0.6 ms]
   [Other: 1.3 ms]
      [Choose CSet: 0.0 ms]
      [Ref Proc: 0.6 ms]
      [Ref Enq: 0.0 ms]
      [Redirty Cards: 0.4 ms]
      [Humongous Register: 0.0 ms]
      [Humongous Reclaim: 0.0 ms]
      [Free CSet: 0.0 ms]
   [Eden: 178.0M(178.0M)->0.0B(178.0M) Survivors: 26.0M->26.0M Heap: 419.1M(4096.0M)->303.2M(4096.0M)]
 [Times: user=0.00 sys=0.00, real=0.01 secs] 
2020-10-28T22:55:59.729+0800: 0.405: [GC pause (G1 Evacuation Pause) (young), 0.0110153 secs]
   [Parallel Time: 9.0 ms, GC Workers: 10]
      [GC Worker Start (ms): Min: 405.5, Avg: 405.5, Max: 405.6, Diff: 0.1]
      [Ext Root Scanning (ms): Min: 0.0, Avg: 0.1, Max: 0.1, Diff: 0.1, Sum: 0.9]
      [Update RS (ms): Min: 0.0, Avg: 0.0, Max: 0.1, Diff: 0.1, Sum: 0.5]
         [Processed Buffers: Min: 1, Avg: 1.1, Max: 2, Diff: 1, Sum: 11]
      [Scan RS (ms): Min: 0.0, Avg: 0.0, Max: 0.0, Diff: 0.0, Sum: 0.1]
      [Code Root Scanning (ms): Min: 0.0, Avg: 0.0, Max: 0.0, Diff: 0.0, Sum: 0.0]
      [Object Copy (ms): Min: 8.2, Avg: 8.3, Max: 8.4, Diff: 0.2, Sum: 82.8]
      [Termination (ms): Min: 0.0, Avg: 0.1, Max: 0.2, Diff: 0.2, Sum: 1.2]
         [Termination Attempts: Min: 1, Avg: 1.0, Max: 1, Diff: 0, Sum: 10]
      [GC Worker Other (ms): Min: 0.0, Avg: 0.0, Max: 0.0, Diff: 0.0, Sum: 0.1]
      [GC Worker Total (ms): Min: 8.5, Avg: 8.6, Max: 8.6, Diff: 0.1, Sum: 85.5]
      [GC Worker End (ms): Min: 414.1, Avg: 414.1, Max: 414.1, Diff: 0.0]
   [Code Root Fixup: 0.0 ms]
   [Code Root Purge: 0.0 ms]
   [Clear CT: 0.6 ms]
   [Other: 1.4 ms]
      [Choose CSet: 0.0 ms]
      [Ref Proc: 0.6 ms]
      [Ref Enq: 0.0 ms]
      [Redirty Cards: 0.6 ms]
      [Humongous Register: 0.0 ms]
      [Humongous Reclaim: 0.0 ms]
      [Free CSet: 0.0 ms]
   [Eden: 178.0M(178.0M)->0.0B(178.0M) Survivors: 26.0M->26.0M Heap: 481.2M(4096.0M)->362.4M(4096.0M)]
 [Times: user=0.00 sys=0.00, real=0.01 secs] 
2020-10-28T22:55:59.758+0800: 0.434: [GC pause (G1 Evacuation Pause) (young), 0.0116335 secs]
   [Parallel Time: 9.6 ms, GC Workers: 10]
      [GC Worker Start (ms): Min: 434.1, Avg: 434.3, Max: 434.4, Diff: 0.3]
      [Ext Root Scanning (ms): Min: 0.0, Avg: 0.0, Max: 0.2, Diff: 0.2, Sum: 0.4]
      [Update RS (ms): Min: 0.0, Avg: 0.0, Max: 0.1, Diff: 0.1, Sum: 0.3]
         [Processed Buffers: Min: 0, Avg: 1.1, Max: 3, Diff: 3, Sum: 11]
      [Scan RS (ms): Min: 0.0, Avg: 0.0, Max: 0.0, Diff: 0.0, Sum: 0.1]
      [Code Root Scanning (ms): Min: 0.0, Avg: 0.0, Max: 0.0, Diff: 0.0, Sum: 0.0]
      [Object Copy (ms): Min: 8.6, Avg: 8.8, Max: 9.0, Diff: 0.3, Sum: 87.9]
      [Termination (ms): Min: 0.0, Avg: 0.2, Max: 0.3, Diff: 0.3, Sum: 1.6]
         [Termination Attempts: Min: 1, Avg: 1.1, Max: 2, Diff: 1, Sum: 11]
      [GC Worker Other (ms): Min: 0.0, Avg: 0.0, Max: 0.1, Diff: 0.1, Sum: 0.2]
      [GC Worker Total (ms): Min: 9.0, Avg: 9.0, Max: 9.2, Diff: 0.2, Sum: 90.5]
      [GC Worker End (ms): Min: 443.3, Avg: 443.3, Max: 443.4, Diff: 0.1]
   [Code Root Fixup: 0.0 ms]
   [Code Root Purge: 0.0 ms]
   [Clear CT: 0.9 ms]
   [Other: 1.1 ms]
      [Choose CSet: 0.0 ms]
      [Ref Proc: 0.3 ms]
      [Ref Enq: 0.0 ms]
      [Redirty Cards: 0.6 ms]
      [Humongous Register: 0.0 ms]
      [Humongous Reclaim: 0.0 ms]
      [Free CSet: 0.0 ms]
   [Eden: 178.0M(178.0M)->0.0B(212.0M) Survivors: 26.0M->26.0M Heap: 540.4M(4096.0M)->425.4M(4096.0M)]
 [Times: user=0.00 sys=0.00, real=0.01 secs] 
2020-10-28T22:55:59.793+0800: 0.469: [GC pause (G1 Evacuation Pause) (young), 0.0118728 secs]
   [Parallel Time: 9.8 ms, GC Workers: 10]
      [GC Worker Start (ms): Min: 468.8, Avg: 468.9, Max: 469.0, Diff: 0.1]
      [Ext Root Scanning (ms): Min: 0.0, Avg: 0.1, Max: 0.2, Diff: 0.1, Sum: 0.9]
      [Update RS (ms): Min: 0.0, Avg: 0.1, Max: 0.1, Diff: 0.0, Sum: 0.7]
         [Processed Buffers: Min: 0, Avg: 1.2, Max: 2, Diff: 2, Sum: 12]
      [Scan RS (ms): Min: 0.0, Avg: 0.0, Max: 0.0, Diff: 0.0, Sum: 0.1]
      [Code Root Scanning (ms): Min: 0.0, Avg: 0.0, Max: 0.0, Diff: 0.0, Sum: 0.0]
      [Object Copy (ms): Min: 9.0, Avg: 9.1, Max: 9.2, Diff: 0.2, Sum: 90.8]
      [Termination (ms): Min: 0.0, Avg: 0.2, Max: 0.3, Diff: 0.3, Sum: 1.6]
         [Termination Attempts: Min: 1, Avg: 1.0, Max: 1, Diff: 0, Sum: 10]
      [GC Worker Other (ms): Min: 0.0, Avg: 0.0, Max: 0.0, Diff: 0.0, Sum: 0.1]
      [GC Worker Total (ms): Min: 9.3, Avg: 9.4, Max: 9.5, Diff: 0.1, Sum: 94.1]
      [GC Worker End (ms): Min: 478.3, Avg: 478.3, Max: 478.3, Diff: 0.0]
   [Code Root Fixup: 0.0 ms]
   [Code Root Purge: 0.0 ms]
   [Clear CT: 0.9 ms]
   [Other: 1.2 ms]
      [Choose CSet: 0.0 ms]
      [Ref Proc: 0.4 ms]
      [Ref Enq: 0.0 ms]
      [Redirty Cards: 0.6 ms]
      [Humongous Register: 0.0 ms]
      [Humongous Reclaim: 0.0 ms]
      [Free CSet: 0.0 ms]
   [Eden: 212.0M(212.0M)->0.0B(548.0M) Survivors: 26.0M->30.0M Heap: 637.4M(4096.0M)->488.6M(4096.0M)]
 [Times: user=0.00 sys=0.02, real=0.01 secs] 
2020-10-28T22:55:59.958+0800: 0.634: [GC pause (G1 Evacuation Pause) (young), 0.0205677 secs]
   [Parallel Time: 19.1 ms, GC Workers: 10]
      [GC Worker Start (ms): Min: 634.4, Avg: 634.5, Max: 634.6, Diff: 0.2]
      [Ext Root Scanning (ms): Min: 0.0, Avg: 0.0, Max: 0.2, Diff: 0.2, Sum: 0.5]
      [Update RS (ms): Min: 0.0, Avg: 0.0, Max: 0.1, Diff: 0.1, Sum: 0.4]
         [Processed Buffers: Min: 0, Avg: 1.1, Max: 2, Diff: 2, Sum: 11]
      [Scan RS (ms): Min: 0.0, Avg: 0.0, Max: 0.0, Diff: 0.0, Sum: 0.2]
      [Code Root Scanning (ms): Min: 0.0, Avg: 0.0, Max: 0.0, Diff: 0.0, Sum: 0.0]
      [Object Copy (ms): Min: 18.2, Avg: 18.3, Max: 18.4, Diff: 0.2, Sum: 182.8]
      [Termination (ms): Min: 0.0, Avg: 0.1, Max: 0.2, Diff: 0.2, Sum: 1.2]
         [Termination Attempts: Min: 1, Avg: 1.0, Max: 1, Diff: 0, Sum: 10]
      [GC Worker Other (ms): Min: 0.0, Avg: 0.0, Max: 0.0, Diff: 0.0, Sum: 0.1]
      [GC Worker Total (ms): Min: 18.4, Avg: 18.5, Max: 18.7, Diff: 0.2, Sum: 185.2]
      [GC Worker End (ms): Min: 653.0, Avg: 653.0, Max: 653.1, Diff: 0.0]
   [Code Root Fixup: 0.0 ms]
   [Code Root Purge: 0.0 ms]
   [Clear CT: 0.5 ms]
   [Other: 1.0 ms]
      [Choose CSet: 0.0 ms]
      [Ref Proc: 0.5 ms]
      [Ref Enq: 0.0 ms]
      [Redirty Cards: 0.2 ms]
      [Humongous Register: 0.0 ms]
      [Humongous Reclaim: 0.0 ms]
      [Free CSet: 0.1 ms]
   [Eden: 548.0M(548.0M)->0.0B(232.0M) Survivors: 30.0M->74.0M Heap: 1036.6M(4096.0M)->641.5M(4096.0M)]
 [Times: user=0.03 sys=0.28, real=0.02 secs] 
2020-10-28T22:56:00.003+0800: 0.680: [GC pause (G1 Evacuation Pause) (young), 0.0157859 secs]
   [Parallel Time: 14.0 ms, GC Workers: 10]
      [GC Worker Start (ms): Min: 679.7, Avg: 679.9, Max: 679.9, Diff: 0.2]
      [Ext Root Scanning (ms): Min: 0.0, Avg: 0.0, Max: 0.2, Diff: 0.2, Sum: 0.4]
      [Update RS (ms): Min: 0.0, Avg: 0.0, Max: 0.1, Diff: 0.1, Sum: 0.4]
         [Processed Buffers: Min: 0, Avg: 1.1, Max: 2, Diff: 2, Sum: 11]
      [Scan RS (ms): Min: 0.0, Avg: 0.0, Max: 0.0, Diff: 0.0, Sum: 0.1]
      [Code Root Scanning (ms): Min: 0.0, Avg: 0.0, Max: 0.0, Diff: 0.0, Sum: 0.0]
      [Object Copy (ms): Min: 13.0, Avg: 13.1, Max: 13.3, Diff: 0.2, Sum: 131.5]
      [Termination (ms): Min: 0.0, Avg: 0.1, Max: 0.2, Diff: 0.2, Sum: 1.3]
         [Termination Attempts: Min: 1, Avg: 1.0, Max: 1, Diff: 0, Sum: 10]
      [GC Worker Other (ms): Min: 0.0, Avg: 0.0, Max: 0.1, Diff: 0.1, Sum: 0.2]
      [GC Worker Total (ms): Min: 13.3, Avg: 13.4, Max: 13.5, Diff: 0.2, Sum: 133.9]
      [GC Worker End (ms): Min: 693.2, Avg: 693.3, Max: 693.3, Diff: 0.1]
   [Code Root Fixup: 0.0 ms]
   [Code Root Purge: 0.0 ms]
   [Clear CT: 0.7 ms]
   [Other: 1.1 ms]
      [Choose CSet: 0.0 ms]
      [Ref Proc: 0.4 ms]
      [Ref Enq: 0.0 ms]
      [Redirty Cards: 0.4 ms]
      [Humongous Register: 0.0 ms]
      [Humongous Reclaim: 0.0 ms]
      [Free CSet: 0.1 ms]
   [Eden: 232.0M(232.0M)->0.0B(420.0M) Survivors: 74.0M->40.0M Heap: 873.5M(4096.0M)->703.6M(4096.0M)]
 [Times: user=0.06 sys=0.09, real=0.02 secs] 
2020-10-28T22:56:00.066+0800: 0.743: [GC pause (G1 Evacuation Pause) (young), 0.0173497 secs]
   [Parallel Time: 15.3 ms, GC Workers: 10]
      [GC Worker Start (ms): Min: 742.9, Avg: 743.1, Max: 743.2, Diff: 0.2]
      [Ext Root Scanning (ms): Min: 0.0, Avg: 0.0, Max: 0.2, Diff: 0.2, Sum: 0.4]
      [Update RS (ms): Min: 0.0, Avg: 0.1, Max: 0.1, Diff: 0.1, Sum: 0.5]
         [Processed Buffers: Min: 0, Avg: 1.1, Max: 2, Diff: 2, Sum: 11]
      [Scan RS (ms): Min: 0.0, Avg: 0.0, Max: 0.0, Diff: 0.0, Sum: 0.2]
      [Code Root Scanning (ms): Min: 0.0, Avg: 0.0, Max: 0.0, Diff: 0.0, Sum: 0.0]
      [Object Copy (ms): Min: 14.7, Avg: 14.8, Max: 15.0, Diff: 0.3, Sum: 148.1]
      [Termination (ms): Min: 0.0, Avg: 0.2, Max: 0.3, Diff: 0.3, Sum: 1.9]
         [Termination Attempts: Min: 1, Avg: 1.0, Max: 1, Diff: 0, Sum: 10]
      [GC Worker Other (ms): Min: 0.0, Avg: 0.0, Max: 0.0, Diff: 0.0, Sum: 0.1]
      [GC Worker Total (ms): Min: 15.0, Avg: 15.1, Max: 15.3, Diff: 0.2, Sum: 151.3]
      [GC Worker End (ms): Min: 758.2, Avg: 758.2, Max: 758.2, Diff: 0.0]
   [Code Root Fixup: 0.0 ms]
   [Code Root Purge: 0.0 ms]
   [Clear CT: 0.7 ms]
   [Other: 1.4 ms]
      [Choose CSet: 0.0 ms]
      [Ref Proc: 0.2 ms]
      [Ref Enq: 0.0 ms]
      [Redirty Cards: 0.9 ms]
      [Humongous Register: 0.0 ms]
      [Humongous Reclaim: 0.0 ms]
      [Free CSet: 0.1 ms]
   [Eden: 420.0M(420.0M)->0.0B(514.0M) Survivors: 40.0M->58.0M Heap: 1123.6M(4096.0M)->815.8M(4096.0M)]
 [Times: user=0.13 sys=0.03, real=0.02 secs] 
2020-10-28T22:56:00.148+0800: 0.825: [GC pause (G1 Evacuation Pause) (young), 0.0216389 secs]
   [Parallel Time: 19.7 ms, GC Workers: 10]
      [GC Worker Start (ms): Min: 824.8, Avg: 824.9, Max: 824.9, Diff: 0.1]
      [Ext Root Scanning (ms): Min: 0.0, Avg: 0.1, Max: 0.1, Diff: 0.1, Sum: 0.6]
      [Update RS (ms): Min: 0.0, Avg: 0.1, Max: 0.4, Diff: 0.4, Sum: 1.3]
         [Processed Buffers: Min: 0, Avg: 1.1, Max: 2, Diff: 2, Sum: 11]
      [Scan RS (ms): Min: 0.0, Avg: 0.0, Max: 0.0, Diff: 0.0, Sum: 0.2]
      [Code Root Scanning (ms): Min: 0.0, Avg: 0.0, Max: 0.0, Diff: 0.0, Sum: 0.0]
      [Object Copy (ms): Min: 18.8, Avg: 19.1, Max: 19.3, Diff: 0.4, Sum: 191.0]
      [Termination (ms): Min: 0.0, Avg: 0.1, Max: 0.1, Diff: 0.1, Sum: 0.7]
         [Termination Attempts: Min: 1, Avg: 1.0, Max: 1, Diff: 0, Sum: 10]
      [GC Worker Other (ms): Min: 0.0, Avg: 0.1, Max: 0.2, Diff: 0.2, Sum: 0.6]
      [GC Worker Total (ms): Min: 19.4, Avg: 19.4, Max: 19.5, Diff: 0.2, Sum: 194.5]
      [GC Worker End (ms): Min: 844.3, Avg: 844.3, Max: 844.3, Diff: 0.0]
   [Code Root Fixup: 0.0 ms]
   [Code Root Purge: 0.0 ms]
   [Clear CT: 1.0 ms]
   [Other: 0.9 ms]
      [Choose CSet: 0.0 ms]
      [Ref Proc: 0.2 ms]
      [Ref Enq: 0.0 ms]
      [Redirty Cards: 0.4 ms]
      [Humongous Register: 0.0 ms]
      [Humongous Reclaim: 0.0 ms]
      [Free CSet: 0.1 ms]
   [Eden: 514.0M(514.0M)->0.0B(670.0M) Survivors: 58.0M->72.0M Heap: 1329.8M(4096.0M)->955.1M(4096.0M)]
 [Times: user=0.03 sys=0.13, real=0.02 secs] 
2020-10-28T22:56:00.268+0800: 0.945: [GC pause (G1 Evacuation Pause) (young), 0.0280312 secs]
   [Parallel Time: 27.1 ms, GC Workers: 10]
      [GC Worker Start (ms): Min: 944.8, Avg: 944.9, Max: 945.0, Diff: 0.1]
      [Ext Root Scanning (ms): Min: 0.0, Avg: 0.1, Max: 0.1, Diff: 0.1, Sum: 0.8]
      [Update RS (ms): Min: 0.0, Avg: 0.1, Max: 0.1, Diff: 0.1, Sum: 0.7]
         [Processed Buffers: Min: 1, Avg: 1.1, Max: 2, Diff: 1, Sum: 11]
      [Scan RS (ms): Min: 0.0, Avg: 0.0, Max: 0.0, Diff: 0.0, Sum: 0.2]
      [Code Root Scanning (ms): Min: 0.0, Avg: 0.0, Max: 0.0, Diff: 0.0, Sum: 0.0]
      [Object Copy (ms): Min: 26.4, Avg: 26.5, Max: 26.7, Diff: 0.4, Sum: 265.0]
      [Termination (ms): Min: 0.0, Avg: 0.2, Max: 0.4, Diff: 0.4, Sum: 2.2]
         [Termination Attempts: Min: 1, Avg: 1.0, Max: 1, Diff: 0, Sum: 10]
      [GC Worker Other (ms): Min: 0.0, Avg: 0.0, Max: 0.0, Diff: 0.0, Sum: 0.2]
      [GC Worker Total (ms): Min: 26.9, Avg: 26.9, Max: 27.0, Diff: 0.1, Sum: 269.2]
      [GC Worker End (ms): Min: 971.8, Avg: 971.8, Max: 971.8, Diff: 0.0]
   [Code Root Fixup: 0.0 ms]
   [Code Root Purge: 0.0 ms]
   [Clear CT: 0.2 ms]
   [Other: 0.7 ms]
      [Choose CSet: 0.0 ms]
      [Ref Proc: 0.2 ms]
      [Ref Enq: 0.0 ms]
      [Redirty Cards: 0.2 ms]
      [Humongous Register: 0.0 ms]
      [Humongous Reclaim: 0.0 ms]
      [Free CSet: 0.1 ms]
   [Eden: 670.0M(670.0M)->0.0B(2326.0M) Survivors: 72.0M->94.0M Heap: 1625.1M(4096.0M)->1113.0M(4096.0M)]
 [Times: user=0.11 sys=0.20, real=0.03 secs] 
Heap
 garbage-first heap   total 4194304K, used 2155541K [0x00000006c0000000, 0x00000006c0204000, 0x00000007c0000000)
  region size 2048K, 544 young (1114112K), 47 survivors (96256K)
 Metaspace       used 2825K, capacity 4486K, committed 4864K, reserved 1056768K
  class space    used 306K, capacity 386K, committed 512K, reserved 1048576K

```

